// Jest Snapshot v1, https://goo.gl/fbAQLP

exports[`Tests in <Sidebar /> should be displayed correctly 1`] = `
<aside
  className="journal__sidebar"
>
  <div
    className="journal__sidebar-navbar"
  >
    <h3
      className="mt-1"
    >
      <span>
        Andy
      </span>
    </h3>
    <button
      className="btn"
      onClick={[Function]}
    >
      Logout
    </button>
  </div>
  <div
    className="journal__new-entry"
    onClick={[Function]}
  >
    <i
      className="far fa-calendar-plus fa-5x"
    />
    <p
      className="mt-5"
    >
      New entry
    </p>
  </div>
  <div
    className="journal__entries "
  />
</aside>
`;
